// Jest Snapshot v1, https://goo.gl/fbAQLP

exports[`Button component renders correctly 1`] = `
<button
  className="button button--positive"
  disabled={false}
  onClick={[Function]}
  type="button"
>
  Button
</button>
`;
