// Jest Snapshot v1, https://goo.gl/fbAQLP

exports[`Headline component renders correctly 1`] = `
<h1
  className="headline"
>
  Headline
</h1>
`;
